// Jest Snapshot v1, https://goo.gl/fbAQLP

exports[`Pruebas en <MultipleCustomHook> Debe de mostrarse correctamente 1`] = `
<div>
  <h1>
    Breaking Bad !!
  </h1>
  <hr />
  <div
    className="alert alert-info text-center"
  >
    Cargando ...
  </div>
  <button
    className="btn btn-info"
    onClick={[Function]}
  >
    Siguiente Frase
  </button>
</div>
`;
