// Jest Snapshot v1, https://goo.gl/fbAQLP

exports[`Test Componente Hook App Debe mostrar <HookApp></HookApp> correctamente 1`] = `
<div>
  <h1>
    Hola Mundo
  </h1>
</div>
`;
