// Jest Snapshot v1, https://goo.gl/fbAQLP

exports[`Pruebas en <TodoApp></TodoApp> debe de mostrarse correctamente 1`] = `
<div>
  <h1>
    Tareas App: 
    0
  </h1>
  <hr />
  <div
    className="row"
  >
    <div
      className="col-7"
    >
      <TodoList
        handleDelete={[Function]}
        handleToggle={[Function]}
        todos={Array []}
      />
    </div>
    <div
      className="col-5"
    >
      <TodoAdd
        handleAddTask={[Function]}
      />
    </div>
  </div>
</div>
`;
